 oku   1 Reading 3  ▸2 Oku 3   3 Search   4 Stats   5 Timer                                               synced 2m ago 
┏━ Oku (3) ━━━━━━━━━━━━━━━━━━━━━━━━━━━━━━━━━━━━┓╭─ The Dispossessed ───────────────────────────────────────────────────╮
┃ │ The Dispossessed                           ┃│ Ursula K. Le Guin                                                    │
┃ │ Ursula K. Le Guin · 0/387 ░░░░░░░░░░ 0%    ┃│ Want to Read                                                         │
┃   Meditations                                ┃│                                                                      │
┃   Marcus Aurelius · 0/254 ░░░░░░░░░░ 0%      ┃│ ░░░░░░░░░░░░░░░░░░░░░░░░░░░░░░░░░░░░░░░░░░░░░░░░  p.0 / 387 · 0%     │
┃   The Essential Kafka                        ┃│                                                                      │
┃   Franz Kafka · 0/528 ░░░░░░░░░░ 0%          ┃│                                   Community    ★ 4.24 (5.4K)         │
┃                                              ┃│ Series       —                                                       │
┃                                              ┃│                                                                      │
┃                                              ┃│                                                                      │
┃                                              ┃│                                                                      │
┃                                              ┃│                                                                      │
┃                                              ┃│                                                                      │
┃                                              ┃│                                                                      │
┃                                              ┃│                                                                      │
┃                                              ┃│                                                                      │
┃                                              ┃│                                                                      │
┃                                              ┃│                                                                      │
┃                                              ┃│                                                                      │
┃                                              ┃│                                                                      │
┃                                              ┃│                                                                      │
┃                                              ┃│                                                                      │
┃                                              ┃│                                                                      │
┃                                              ┃│                                                                      │
┃                                              ┃│                                                                      │
┃                                              ┃│                                                                      │
┃                                              ┃│                                                                      │
┃                                              ┃│                                                                      │
┃                                              ┃│                                                                      │
┃                                              ┃│                                                                      │
┃                                              ┃│                                                                      │
┃                                              ┃│                                                                      │
┃                                              ┃│                                                                      │
┃                                              ┃│                                                                      │
┃                                              ┃│                                                                      │
┃                                              ┃│                                                                      │
┃                                              ┃│                                                                      │
┗━━━━━━━━━━━━━━━━━━━━━━━━━━━━━━━━━━━━━━━━━━━━━━┛╰──────────────────────────────────────────────────────────────────────╯
 ? help · j/k navigate · ↵ detail · g/w/f/d/x status · +/- page · u update · / search · v rate · s sync · z density …   