 oku   1 Reading 3  ▸2 Oku 3   3 Search   4 Stats   5 Timer       synced 2m ago 
┏━ The Dispossessed ━━━━━━━━━━━━━━━━━━━━━━━━━━━━━━━━━━━━━━━━━━━━━━━━━━━━━━━━━━━┓
┃ Ursula K. Le Guin                                                            ┃
┃ Want to Read                                                                 ┃
┃                                                                              ┃
┃ ░░░░░░░░░░░░░░░░░░░░░░░░░░░░░░░░░░░░░░░░░░░░░░░░  p.0 / 387 · 0%             ┃
┃                                                                              ┃
┃                                       Community    ★ 4.24 (5.4K)             ┃
┃ Series       —                                                               ┃
┃                                                                              ┃
┃                                                                              ┃
┃                                                                              ┃
┃                                                                              ┃
┃                                                                              ┃
┃                                                                              ┃
┃                                                                              ┃
┃                                                                              ┃
┃                                                                              ┃
┃                                                                              ┃
┃                                                                              ┃
┃                                                                              ┃
┃                                                                              ┃
┗━━━━━━━━━━━━━━━━━━━━━━━━━━━━━━━━━━━━━━━━━━━━━━━━━━━━━━━━━━━━━━━━━━━━━━━━━━━━━━┛
 ? help · j/k scroll · Esc back to list · g/w/f/d/x status · +/- page …         