 oku  ▸1 Reading 3   2 Oku 3   3 Search   4 Stats   5 Timer       synced 2m ago 
┏━ Reading (3) ━━━━━━━━━━━━━━━━━━━━━━━━━━━━━━━━━━━━━━━━━━━━━━━━━━━━━━━━━━━━━━━━┓
┃ │ The Communist Manifesto                                                    ┃
┃ │ Karl Marx, Friedrich Engels · 70/305 ███░░░░░░░░░░░░░ 22%                  ┃
┃   Money                                                                      ┃
┃   David McWilliams · 360/416 █████████████░░░ 86%                            ┃
┃   Software Architecture: The Hard Parts                                      ┃
┃   Neal Ford, Mark Richards, Pramod Sadalage, Zhamak Dehghani · 0/416 ░░░░░░… ┃
┃                                                                              ┃
┃                                                                              ┃
┃                                                                              ┃
┃                                                                              ┃
┃                                                                              ┃
┃                                                                              ┃
┃                                                                              ┃
┃                                                                              ┃
┃                                                                              ┃
┃                                                                              ┃
┃                                                                              ┃
┃                                                                              ┃
┃                                                                              ┃
┃                                                                              ┃
┗━━━━━━━━━━━━━━━━━━━━━━━━━━━━━━━━━━━━━━━━━━━━━━━━━━━━━━━━━━━━━━━━━━━━━━━━━━━━━━┛
 ? help · j/k navigate · ↵ detail · g/w/f/d/x status · +/- page · u update …    