 oku   1 Reading 3   2 Oku 3  ▸3 Search   4 Stats   5 Timer                                               synced 2m ago 
┏━ Search ━━━━━━━━━━━━━━━━━━━━━━━━━━━━━━━━━━━━━┓╭─ Dune ───────────────────────────────────────────────────────────────╮
┃ [NORMAL] [BOOK] / dune                       ┃│ Frank Herbert                                                        │
┃ BOOK Results (4)                             ┃│                                                                      │
┃                                              ┃│ Community    ★ 4.31 (1.2K ratings)                                   │
┃ │ Dune (412 pages)                           ┃│ Pages        412                                                     │
┃ │ ★ 4.31 (1.2K ratings) · Frank Herbert      ┃│                                                                      │
┃   Dune Messiah (256 pages)                   ┃│ On your shelf: Read  ★★★★½ 4.5                                       │
┃   ★ 3.90 (410 ratings) · Frank Herbert       ┃│                                                                      │
┃   Children of Dune (408 pages)               ┃│ hardcover.app/books/dune                                             │
┃   ★ 3.85 (302 ratings) · Frank Herbert       ┃│                                                                      │
┃   God Emperor of Dune (423 pages)            ┃│ ↵ add as reading · w want to read · f finished · d dnf               │
┃   ★ 3.80 (211 ratings) · Frank Herbert       ┃│                                                                      │
┃                                              ┃│                                                                      │
┃                                              ┃│                                                                      │
┃                                              ┃│                                                                      │
┃                                              ┃│                                                                      │
┃                                              ┃│                                                                      │
┃                                              ┃│                                                                      │
┃                                              ┃│                                                                      │
┃                                              ┃│                                                                      │
┃                                              ┃│                                                                      │
┃                                              ┃│                                                                      │
┃                                              ┃│                                                                      │
┃                                              ┃│                                                                      │
┃                                              ┃│                                                                      │
┃                                              ┃│                                                                      │
┃                                              ┃│                                                                      │
┃                                              ┃│                                                                      │
┃                                              ┃│                                                                      │
┃                                              ┃│                                                                      │
┃                                              ┃│                                                                      │
┃                                              ┃│                                                                      │
┃                                              ┃│                                                                      │
┃                                              ┃│                                                                      │
┃                                              ┃│                                                                      │
┃                                              ┃│                                                                      │
┃                                              ┃│                                                                      │
┗━━━━━━━━━━━━━━━━━━━━━━━━━━━━━━━━━━━━━━━━━━━━━━┛╰──────────────────────────────────────────────────────────────────────╯
 ? help · j/k navigate · ↵ add as reading · g/w/f/d status · h/l input/next · z density · Esc back                      