 oku   1 Reading 3   2 Oku 3  ▸3 Search   4 Stats   5 Timer       synced 2m ago 
┏━ Search ━━━━━━━━━━━━━━━━━━━━━━━━━━━━━━━━━━━━━━━━━━━━━━━━━━━━━━━━━━━━━━━━━━━━━┓
┃ [NORMAL] [BOOK] / dune                                                       ┃
┃ BOOK Results (4)                                                             ┃
┃                                                                              ┃
┃ │ Dune (412 pages)                                                           ┃
┃ │ ★ 4.31 (1.2K ratings) · Frank Herbert                                      ┃
┃   Dune Messiah (256 pages)                                                   ┃
┃   ★ 3.90 (410 ratings) · Frank Herbert                                       ┃
┃   Children of Dune (408 pages)                                               ┃
┃   ★ 3.85 (302 ratings) · Frank Herbert                                       ┃
┃   God Emperor of Dune (423 pages)                                            ┃
┃   ★ 3.80 (211 ratings) · Frank Herbert                                       ┃
┃                                                                              ┃
┃                                                                              ┃
┃                                                                              ┃
┃                                                                              ┃
┃                                                                              ┃
┃                                                                              ┃
┃                                                                              ┃
┃                                                                              ┃
┃                                                                              ┃
┗━━━━━━━━━━━━━━━━━━━━━━━━━━━━━━━━━━━━━━━━━━━━━━━━━━━━━━━━━━━━━━━━━━━━━━━━━━━━━━┛
 ? help · j/k navigate · ↵ detail · a add as reading · g/w/f/d status …         