 oku   1 Reading 3   2 Oku 3  ▸3 Search   4 Stats   5 Timer       synced 2m ago 
┏━ Dune ━━━━━━━━━━━━━━━━━━━━━━━━━━━━━━━━━━━━━━━━━━━━━━━━━━━━━━━━━━━━━━━━━━━━━━━┓
┃ Frank Herbert                                                                ┃
┃                                                                              ┃
┃ Community    ★ 4.31 (1.2K ratings)                                           ┃
┃ Pages        412                                                             ┃
┃                                                                              ┃
┃ On your shelf: Read  ★★★★½ 4.5                                               ┃
┃                                                                              ┃
┃ hardcover.app/books/dune                                                     ┃
┃                                                                              ┃
┃ a add as reading · w want to read · f finished · d dnf                       ┃
┃                                                                              ┃
┃                                                                              ┃
┃                                                                              ┃
┃                                                                              ┃
┃                                                                              ┃
┃                                                                              ┃
┃                                                                              ┃
┃                                                                              ┃
┃                                                                              ┃
┃                                                                              ┃
┗━━━━━━━━━━━━━━━━━━━━━━━━━━━━━━━━━━━━━━━━━━━━━━━━━━━━━━━━━━━━━━━━━━━━━━━━━━━━━━┛
 ? help · j/k scroll · Esc back to list · a add as reading · g/w/f/d status …   