 oku   1 Reading 3   2 Oku 3   3 Search  ▸4 Stats   5 Timer                                               synced 2m ago 
┏━ Stats · 2026 ━━━━━━━━━━━━━━━━━━━━━━━━━━━━━━━━━━━━━━━━━━━━━━━━━━━━━━━━━━━━━━━━━━━━━━━━━━━━━━━━━━━━━━━━━━━━━━━━━━━━━━━┓
┃   12 books   3,748 pages   ★ 3.9 avg                                                                                 ┃
┃                                                                                                                      ┃
┃   Goal · 20 books by Dec 31                                                                                          ┃
┃   ████████████████████████░░░░░░░░░░░░░░░░  60%  12/20                                                               ┃
┃                                                                                                                      ┃
┃   Activity                                                                                                           ┃
┃       Mar   Apr     May       Jun     Jul     Aug       Sep                                                          ┃
┃   Mo  · ▓ ▓ ▓ ▓ ▒ ▒ ▒ ▒ · ▓ ▓ ▓ ▓ ▒ ▒ · ▒ · ▓ ▓ ▓ ▒ ▒ ▒ ▒                                                            ┃
┃   Tu  ▓ ▓ ▓ ▓ ▓ · ▓ ▒ ▒ ▓ ▓ · ▓ ▓ · █ ▒ ▒ ▓ ▓ ▓ ▓ ▓ · █ ▒                                                            ┃
┃   We  ▓ · ▒ ▒ ▒ ▒ · ▓ ▓ ▓ · ▒ ▒ ▒ ▒ ▒ ▓ ▓ ▒ · ▒ ▒ ▒ · ▓ ▓                                                            ┃
┃   Th  █ · █ ▓ ▓ ▓ · ▓ █ █ █ █ ▓ ▓ ▓ · ▓ █ · █ █ ▓ ▓ ▓ · ▓                                                            ┃
┃   Fr  ▓ ▓ · ▓ ▓ ▓ ▒ ▒ ▒ ▓ ▓ · ▓ · ▒ ▒ ▒ ▒ ▓ ▓ · ▓ ▓ ▒ ▒ ▒                                                            ┃
┃   Sa  ▓ █ █ █ █ █ █ · · █ █ █ █ █ █ █ · ▓ █ █ █ █ █ █ █ ·                                                            ┃
┃   Su  ▓ ▓ ▒ · ▒ ▒ ▒ ▒ ▒ ▓ ░ ▒ · ▒ ▒ ▒ ▒ ▒ ▓ ░ · · ▒ ▒ ▒                                                              ┃
┃                                                                                                                      ┃
┃   Less · ░ ▒ ▓ █ More                                                                                                ┃
┃                                                                                                                      ┃
┃   Books per month                                     Ratings                                                        ┃
┃   Jan ██████████████████████████████░░░░░░░░░░ 3      ★5.0 █████████████░░░░░░░░░░░░░░░░░░░░░░░░░░░ 2                ┃
┃   Feb ████████████████████░░░░░░░░░░░░░░░░░░░░ 2      ★4.5 █████████████░░░░░░░░░░░░░░░░░░░░░░░░░░░ 2                ┃
┃   Mar ░░░░░░░░░░░░░░░░░░░░░░░░░░░░░░░░░░░░░░░░        ★4.0 ████████████████████████████████████████ 6                ┃
┃   Apr ████████████████████████████████████████ 4      ★3.5 ██████░░░░░░░░░░░░░░░░░░░░░░░░░░░░░░░░░░ 1                ┃
┃   May ██████████░░░░░░░░░░░░░░░░░░░░░░░░░░░░░░ 1      ★3.0 █████████████░░░░░░░░░░░░░░░░░░░░░░░░░░░ 2                ┃
┃   Jun ████████████████████░░░░░░░░░░░░░░░░░░░░ 2      ★2.0 ██████░░░░░░░░░░░░░░░░░░░░░░░░░░░░░░░░░░ 1                ┃
┃   Jul ░░░░░░░░░░░░░░░░░░░░░░░░░░░░░░░░░░░░░░░░                                                                       ┃
┃   Aug ░░░░░░░░░░░░░░░░░░░░░░░░░░░░░░░░░░░░░░░░                                                                       ┃
┃   Sep ░░░░░░░░░░░░░░░░░░░░░░░░░░░░░░░░░░░░░░░░                                                                       ┃
┃                                                                                                                      ┃
┃   Books per year                                        Top genres                                                   ┃
┃   2023 ██████████████████████████░░░░░░░░░░░░░░ 14      Fantasy    ████████████████████████████████████████ 8        ┃
┃   2024 ████████████████████████████████████████ 21      Classics   ██████████████████████████████░░░░░░░░░░ 6        ┃
┃   2025 ██████████████████████████████████░░░░░░ 18      Sci-Fi     ████████████████████░░░░░░░░░░░░░░░░░░░░ 4        ┃
┃   2026 ██████████████████████░░░░░░░░░░░░░░░░░░ 12      Philosophy ███████████████░░░░░░░░░░░░░░░░░░░░░░░░░ 3        ┃
┃                                                         Nonfiction ██████████░░░░░░░░░░░░░░░░░░░░░░░░░░░░░░ 2        ┃
┃                                                                                                                      ┃
┃   This week                                                                                               ▲ 36/45 ▼  ┃
┗━━━━━━━━━━━━━━━━━━━━━━━━━━━━━━━━━━━━━━━━━━━━━━━━━━━━━━━━━━━━━━━━━━━━━━━━━━━━━━━━━━━━━━━━━━━━━━━━━━━━━━━━━━━━━━━━━━━━━━┛
 ? help · j/k scroll · C-u/C-d half page · g/G top/bottom · s sync · r refresh · / search · q quit                      