 oku   1 Reading 3   2 Oku 3   3 Search   4 Stats  ▸5 Timer       synced 2m ago 
┏━ Timer ━━━━━━━━━━━━━━━━━━━━━━━━━━━━━━━━━━━━━━━━━━━━━━━━━━━━━━━━━━━━━━━━━━━━━━┓
┃   No timer running.                                                          ┃
┃                                                                              ┃
┃   Press [t] to choose a book, or [t] in Reading.                             ┃
┃                                                                              ┃
┃   Today  1 sessions  48m 0s total                                            ┃
┃   ────────────────────────────────                                           ┃
┃   Recent                                                                     ┃
┃   Today   The Communist Manifesto                                 48m 0s     ┃
┃   Yest.   The Communist Manifesto                                 36m 0s     ┃
┃   3 Sep   The Communist Manifesto                                 1h 2m      ┃
┃   2 Sep   Money                                                   29m 0s     ┃
┃   1 Sep   Software Architecture: The Hard Parts                   55m 0s     ┃
┃                                                                              ┃
┃   [t] start                                                                  ┃
┃                                                                              ┃
┃                                                                              ┃
┃                                                                              ┃
┃                                                                              ┃
┃                                                                              ┃
┃                                                                              ┃
┗━━━━━━━━━━━━━━━━━━━━━━━━━━━━━━━━━━━━━━━━━━━━━━━━━━━━━━━━━━━━━━━━━━━━━━━━━━━━━━┛
 ? help · t choose + start · / search · q quit                                  