 oku  ▸1 Reading 3   2 Oku 3   3 Search   4 Stats   5 Timer       synced 2m ago 
┏━ Reading (3) ━━━━━━━━━━━━━━━━━━━━━━━━━━━━━━━━━━━━━━━━━━━━━━━━━━━━━━━━━━━━━━━━┓
┃ ╭──────────────────────────────────────────────────────────────────────────╮ ┃
┃ │                                                                          │ ┃
┃ │  Journal · note                                                          │ ┃
┃ │                                                                          │ ┃
┃ │  The Communist Manifesto                                                 │ ┃
┃ │                                                                          │ ┃
┃ │  ┃ A note about this book.                                               │ ┃
┃ │  ┃                                                                       │ ┃
┃ │  ┃                                                                       │ ┃
┃ │  ┃                                                                       │ ┃
┃ │  ┃                                                                       │ ┃
┃ │  ┃                                                                       │ ┃
┃ │  ┃                                                                       │ ┃
┃ │  ┃                                                                       │ ┃
┃ │  ┃                                                                       │ ┃
┃ │  ┃                                                                       │ ┃
┃ │                                                                          │ ┃
┃ │  Tab note/quote · Ctrl+S save · Esc cancel                               │ ┃
┃ │                                                                          │ ┃
┃ ╰──────────────────────────────────────────────────────────────────────────╯ ┃
┗━━━━━━━━━━━━━━━━━━━━━━━━━━━━━━━━━━━━━━━━━━━━━━━━━━━━━━━━━━━━━━━━━━━━━━━━━━━━━━┛
 Tab note / quote · C-s save · Esc back                                         