 oku   1 Reading 3   2 Oku 3   3 Search  ▸4 Stats   5 Timer                                               synced 2m ago 
┏━ Finished · 2026 (16) ━━━━━━━━━━━━━━━━━━━━━━━┓╭─ Finished book 01 ───────────────────────────────────────────────────╮
┃ │ Finished book 01                           ┃│ Sample Author                                                        │
┃ │ 20 Sep 2026 · Sample Author · ★ 4.0        ┃│ Read · finished 20 Sep 2026                                          │
┃   Finished book 02                           ┃│                                                                      │
┃   19 Sep 2026 · Sample Author · ★ 4.0        ┃│ ████████████████████████████████████████████████  p.250 / 250 · 100% │
┃   Finished book 03                           ┃│                                                                      │
┃   18 Sep 2026 · Sample Author · ★ 4.0        ┃│ Your rating  ★★★★☆ 4.0                                               │
┃   Finished book 04                           ┃│ Series       —                                                       │
┃   17 Sep 2026 · Sample Author · ★ 4.0        ┃│                                                                      │
┃   Finished bo╭────────────────────────────────────────────────────────────────────────────────────────╮              │
┃   16 Sep 2026│                                                                                        │              │
┃   Finished bo│  Private note                                                                          │              │
┃   15 Sep 2026│                                                                                        │              │
┃   Finished bo│  Finished book 01                                                                      │              │
┃   14 Sep 2026│                                                                                        │              │
┃   Finished bo│  ┃ A book worth revisiting.                                                            │              │
┃   13 Sep 2026│  ┃ Keep this thought private.                                                          │              │
┃   Finished bo│  ┃                                                                                     │              │
┃   12 Sep 2026│  ┃                                                                                     │              │
┃   Finished bo│  ┃                                                                                     │              │
┃   11 Sep 2026│  ┃                                                                                     │              │
┃   Finished bo│  ┃                                                                                     │              │
┃   10 Sep 2026│  ┃                                                                                     │              │
┃   Finished bo│  ┃                                                                                     │              │
┃   09 Sep 2026│  ┃                                                                                     │              │
┃   Finished bo│                                                                                        │              │
┃   08 Sep 2026│  Only on this device · Ctrl+S save · Esc cancel                                        │              │
┃   Finished bo│                                                                                        │              │
┃   07 Sep 2026╰────────────────────────────────────────────────────────────────────────────────────────╯              │
┃   Finished book 15                           ┃│                                                                      │
┃   06 Sep 2026 · Sample Author · ★ 4.0        ┃│                                                                      │
┃   Finished book 16                           ┃│                                                                      │
┃   05 Sep 2026 · Sample Author · ★ 4.0        ┃│                                                                      │
┃                                              ┃│                                                                      │
┃                                              ┃│                                                                      │
┃                                              ┃│                                                                      │
┃                                              ┃│                                                                      │
┗━━━━━━━━━━━━━━━━━━━━━━━━━━━━━━━━━━━━━━━━━━━━━━┛╰──────────────────────────────────────────────────────────────────────╯
 C-s save · Esc back                                                                                                    