 o╭──────────────────────────────────╮… 
┏━│                                  │━┓
┃ │  Private note                    │ ┃
┃ │                                  │ ┃
┃ │  Finished book 01                │ ┃
┃ │                                  │ ┃
┃ │  ┃ A book worth revisiting.      │ ┃
┃ │  ┃ Keep this thought private.    │ ┃
┃ │  ┃                               │ ┃
┃ │  ┃                               │ ┃
┃ │                                  │ ┃
┃ │  Only on this device · Ctrl+S    │ ┃
┃ │  save · Esc cancel               │ ┃
┃ │                                  │ ┃
┗━╰──────────────────────────────────╯━┛
 C-s save · Esc back                    