 oku   1 Reading 3   2 Oku 3   3 Search  ▸4 Stats   5 Timer       synced 2m ago 
┏━ Finished · 2026 (16) ━━━━━━━━━━━━━━━━━━━━━━━━━━━━━━━━━━━━━━━━━━━━━━━━━━━━━━━┓
┃ ╭──────────────────────────────────────────────────────────────────────────╮ ┃
┃ │                                                                          │ ┃
┃ │  Private note                                                            │ ┃
┃ │                                                                          │ ┃
┃ │  Finished book 01                                                        │ ┃
┃ │                                                                          │ ┃
┃ │  ┃ A book worth revisiting.                                              │ ┃
┃ │  ┃ Keep this thought private.                                            │ ┃
┃ │  ┃                                                                       │ ┃
┃ │  ┃                                                                       │ ┃
┃ │  ┃                                                                       │ ┃
┃ │  ┃                                                                       │ ┃
┃ │  ┃                                                                       │ ┃
┃ │  ┃                                                                       │ ┃
┃ │  ┃                                                                       │ ┃
┃ │  ┃                                                                       │ ┃
┃ │                                                                          │ ┃
┃ │  Only on this device · Ctrl+S save · Esc cancel                          │ ┃
┃ │                                                                          │ ┃
┃ ╰──────────────────────────────────────────────────────────────────────────╯ ┃
┗━━━━━━━━━━━━━━━━━━━━━━━━━━━━━━━━━━━━━━━━━━━━━━━━━━━━━━━━━━━━━━━━━━━━━━━━━━━━━━┛
 C-s save · Esc back                                                            