 oku   1 Reading 3   2 Oku 3  ▸3 Search   4 Stats   5 Timer                                               synced 2m ago 
┏━ Search ━━━━━━━━━━━━━━━━━━━━━━━━━━━━━━━━━━━━━┓╭─ Details ────────────────────────────────────────────────────────────╮
┃ [NORMAL] [BOOK] / Search books...            ┃│                                                                      │
┃ BOOK Results                                 ┃│    ____  __ __  __  __                                               │
┃                                              ┃│   / __ \/ //_/ / / / /                                               │
┃   book mode (Hardcover default). Type a quer ┃│  / / / / ,<   / / / /                                                │
┃                                              ┃│ / /_/ / /| | / /_/ /                                                 │
┃                                              ┃│ \____/_/ |_| \____/                                                  │
┃                                              ┃│                                                                      │
┃                                              ┃│   Type a query                                                       │
┃                                              ┃│                                                                      │
┃                                              ┃│   Recent: dune · le guin · kafka                                     │
┃                                              ┃│                                                                      │
┃                                              ┃│                                                                      │
┃                                              ┃│                                                                      │
┃                                              ┃│                                                                      │
┃                                              ┃│                                                                      │
┃                                              ┃│                                                                      │
┃                                              ┃│                                                                      │
┃                                              ┃│                                                                      │
┃                                              ┃│                                                                      │
┃                                              ┃│                                                                      │
┃                                              ┃│                                                                      │
┃                                              ┃│                                                                      │
┃                                              ┃│                                                                      │
┃                                              ┃│                                                                      │
┃                                              ┃│                                                                      │
┃                                              ┃│                                                                      │
┃                                              ┃│                                                                      │
┃                                              ┃│                                                                      │
┃                                              ┃│                                                                      │
┃                                              ┃│                                                                      │
┃                                              ┃│                                                                      │
┃                                              ┃│                                                                      │
┃                                              ┃│                                                                      │
┃                                              ┃│                                                                      │
┃                                              ┃│                                                                      │
┃                                              ┃│                                                                      │
┗━━━━━━━━━━━━━━━━━━━━━━━━━━━━━━━━━━━━━━━━━━━━━━┛╰──────────────────────────────────────────────────────────────────────╯
 ? help · ↵ search · i/a insert · m mode · z density · Esc back                                                         