 oku   1 Reading 3   2 Oku 3  ▸3 Search   4 Stats   5 Timer                                               synced 2m ago 
┏━ Search ━━━━━━━━━━━━━━━━━━━━━━━━━━━━━━━━━━━━━┓╭─ Details ────────────────────────────────────────────────────────────╮
┃ / Search books...                            ┃│                                                                      │
┃ [Title]  Author   Genre                      ┃│    ____  __ __  __  __                                               │
┃                                              ┃│   / __ \/ //_/ / / / /                                               │
┃   Type a query and press Enter.              ┃│  / / / / ,<   / / / /                                                │
┃                                              ┃│ / /_/ / /| | / /_/ /                                                 │
┃                                              ┃│ \____/_/ |_| \____/                                                  │
┃                                              ┃│                                                                      │
┃                                              ┃│   Type a query                                                       │
┃                                              ┃│                                                                      │
┃                                              ┃│   Recent: dune · le guin · kafka                                     │
┃                                              ┃│                                                                      │
┃                                              ┃│                                                                      │
┃                                              ┃│                                                                      │
┃                                              ┃│                                                                      │
┃                                              ┃│                                                                      │
┃                                              ┃│                                                                      │
┃                                              ┃│                                                                      │
┃                                              ┃│                                                                      │
┃                                              ┃│                                                                      │
┃                                              ┃│                                                                      │
┃                                              ┃│                                                                      │
┃                                              ┃│                                                                      │
┃                                              ┃│                                                                      │
┃                                              ┃│                                                                      │
┃                                              ┃│                                                                      │
┃                                              ┃│                                                                      │
┃                                              ┃│                                                                      │
┃                                              ┃│                                                                      │
┃                                              ┃│                                                                      │
┃                                              ┃│                                                                      │
┃                                              ┃│                                                                      │
┃                                              ┃│                                                                      │
┃                                              ┃│                                                                      │
┃                                              ┃│                                                                      │
┃                                              ┃│                                                                      │
┃                                              ┃│                                                                      │
┗━━━━━━━━━━━━━━━━━━━━━━━━━━━━━━━━━━━━━━━━━━━━━━┛╰──────────────────────────────────────────────────────────────────────╯
 ? help · Esc/i input · m cycle mode · h/l tab · z density · / search · s sync · q quit                                 