                                                                                                                        
                                                                                                                        
                                                                                                                        
                                                                                                                        
                                                                                                                        
                                                                                                                        
                                                                                                                        
                                                                                                                        
                                                                                                                        
                                                                                                                        
                                                                                                                        
                                                                                                                        
                                                                                                                        
                                                                                                                        
                             ╭────────────────────────────────────────────────────────────╮                             
                             │                                                            │                             
                             │  Confirm                                                   │                             
                             │                                                            │                             
                             │  Mark 'The Communist Manifesto' as Ignored?                │                             
                             │                                                            │                             
                             │                   Confirm      ▸ Cancel                    │                             
                             │                                                            │                             
                             │  y/n or Enter/Esc                                          │                             
                             │                                                            │                             
                             ╰────────────────────────────────────────────────────────────╯                             
                                                                                                                        
                                                                                                                        
                                                                                                                        
                                                                                                                        
                                                                                                                        
                                                                                                                        
                                                                                                                        
                                                                                                                        
                                                                                                                        
                                                                                                                        
                                                                                                                        
                                                                                                                        
                                                                                                                        
                                                                                                                        
                                                                                                                        