                                                                                                                        
                                                                                                                        
                                                                                                                        
                                                                                                                        
                                                                                                                        
                                                                                                                        
                                                                                                                        
                                                                                                                        
                                                                                                                        
                                                                                                                        
                                                                                                                        
                                                                                                                        
                                                                                                                        
                                                                                                                        
                             ╭────────────────────────────────────────────────────────────╮                             
                             │                                                            │                             
                             │  Update page                                               │                             
                             │                                                            │                             
                             │  The Communist Manifesto                                   │                             
                             │  current: 70/305                                           │                             
                             │  › 370 or +10 or -5                                        │                             
                             │                                                            │                             
                             │  Enter save · Esc cancel                                   │                             
                             │                                                            │                             
                             ╰────────────────────────────────────────────────────────────╯                             
                                                                                                                        
                                                                                                                        
                                                                                                                        
                                                                                                                        
                                                                                                                        
                                                                                                                        
                                                                                                                        
                                                                                                                        
                                                                                                                        
                                                                                                                        
                                                                                                                        
                                                                                                                        
                                                                                                                        
                                                                                                                        
                                                                                                                        