 oku  ▸1 Reading 3   2 Oku 3   3 Search   4 Stats   5 Timer                                               synced 2m ago 
┏━ Reading (3) ━━━━━━━━━━━━━━━━━━━━━━━━━━━━━━━━┓╭─ The Communist Manifesto ────────────────────────────────────────────╮
┃ │ The Communist Manifesto                    ┃│ Karl Marx, Friedrich Engels                                          │
┃ │ Karl Marx, Friedrich Engels · 70/305 ██░░… ┃│ Currently Reading · started 12 Aug 2026                              │
┃   Money                                      ┃│                                                                      │
┃   David McWilliams · 360/416 ████████░░ 86%  ┃│ ███████████░░░░░░░░░░░░░░░░░░░░░░░░░░░░░░░░░░░░░  p.70 / 305 · 22%   │
┃   Software Architecture: The Hard Parts      ┃│ 3 pages/day · ~3 months left (≈ 25 Nov)                              │
┃   Neal Ford, Mark Richards, Pramod Sadalage… ┃│                                                                      │
┃                                              ┃│ Your rating  ★★★★☆ 4.0            Community    ★ 3.60 (382)          │
┃         ╭──────────────────────────────────────────────────────────────────────────────────────────────────╮         │
┃         │                                                                                                  │         │
┃         │  Review / Rate Book                                                                              │         │
┃         │                                                                                                  │         │
┃         │  The Communist Manifesto                                                                         │         │
┃         │  Karl Marx, Friedrich Engels                                                                     │         │
┃         │                                                                                                  │         │
┃         │  ▸ Rating: 4.0    ★★★★☆ (4.0)                                                                    │         │
┃         │                                                                                                  │         │
┃         │    Review                                                                                        │ the     │
┃         │  ┃ Shorter than I expected; the preface is the best part,                                        │ evening │
┃         │  ┃ and the footnotes are where the argument actually lives.                                      │         │
┃         │  ┃ Worth the evening it takes.                                                                   │         │
┃         │  ┃                                                                                               │         │
┃         │  ┃                                                                                               │         │
┃         │  ┃                                                                                               │         │
┃         │  ┃                                                                                               │         │
┃         │  ┃                                                                                               │         │
┃         │                                                                                                  │         │
┃         │  Tab/Shift+Tab switch fields   Ctrl+S save   Esc cancel                                          │         │
┃         │                                                                                                  │         │
┃         ╰──────────────────────────────────────────────────────────────────────────────────────────────────╯         │
┃                                              ┃│                                                                      │
┃                                              ┃│                                                                      │
┃                                              ┃│                                                                      │
┃                                              ┃│                                                                      │
┃                                              ┃│                                                                      │
┃                                              ┃│                                                                      │
┃                                              ┃│                                                                      │
┗━━━━━━━━━━━━━━━━━━━━━━━━━━━━━━━━━━━━━━━━━━━━━━┛╰──────────────────────────────────────────────────────────────────────╯
 Tab/S-Tab switch field · C-s save · Esc cancel                                                                         