                                                                                                                        
                                                                                                                        
                                                                                                                        
                                                                                                                        
                                                                                                                        
                                                                                                                        
                                                                                                                        
                                                                                                                        
                                                                                                                        
                                                                                                                        
                                                                                                                        
                                                                                                                        
                           ╭────────────────────────────────────────────────────────────────╮                           
                           │                                                                │                           
                           │  Reading Timer                                                 │                           
                           │                                                                │                           
                           │  Select a book, Enter starts the timer                         │                           
                           │                                                                │                           
                           │    The Communist Manifesto                                     │                           
                           │    Karl Marx, Friedrich Engels                                 │                           
                           │  ▸ Money                                                       │                           
                           │    David McWilliams                                            │                           
                           │    Software Architecture: The Hard Parts                       │                           
                           │    Neal Ford, Mark Richards, Pramod Sadalage, Zhamak Dehgh…    │                           
                           │                                                                │                           
                           │  j/k move · Enter start · Esc cancel                           │                           
                           │                                                                │                           
                           ╰────────────────────────────────────────────────────────────────╯                           
                                                                                                                        
                                                                                                                        
                                                                                                                        
                                                                                                                        
                                                                                                                        
                                                                                                                        
                                                                                                                        
                                                                                                                        
                                                                                                                        
                                                                                                                        
                                                                                                                        
                                                                                                                        