 oku   1 Reading 3   2 Oku 3   3 Searc… 
┏━ Finished · 2026 (16) ━━━━━━━━━━━━━━━┓
┃ │ Finished book 01                   ┃
┃ │ 20 Sep 2026 · Sample Author · ★ 4… ┃
┃   Finished book 02                   ┃
┃   19 Sep 2026 · Sample Author · ★ 4… ┃
┃   Finished book 03                   ┃
┃   18 Sep 2026 · Sample Author · ★ 4… ┃
┃   Finished book 04                   ┃
┃   17 Sep 2026 · Sample Author · ★ 4… ┃
┃   Finished book 05                   ┃
┃   16 Sep 2026 · Sample Author · ★ 4… ┃
┃   Finished book 06                   ┃
┃   15 Sep 2026 · Sample Author ·1/16  ┃
┗━━━━━━━━━━━━━━━━━━━━━━━━━━━━━━━━━━━━━━┛
 ? help · T choose theme …              