 oku   1 Reading 3   2 Oku 3   3 Searc… 
┏━ Finished book 01 ━━━━━━━━━━━━━━━━━━━┓
┃ Sample Author                        ┃
┃ Read · finished 20 Sep 2026          ┃
┃                                      ┃
┃ ████████████████  p.250 / 250 · 100% ┃
┃                                      ┃
┃ Your rating  ★★★★☆ 4.0               ┃
┃ Series       —                       ┃
┃                                      ┃
┃ Private note · only on this device   ┃
┃ A book worth revisiting.             ┃
┃ Keep this thought private.           ┃
┃                                      ┃
┗━━━━━━━━━━━━━━━━━━━━━━━━━━━━━━━━━━━━━━┛
 ? help …            ! Hardcover is un… 