 oku   1 Reading 3   2 Oku 3   3 Search  ▸4 Stats   5 Timer       synced 2m ago 
┏━ Finished · 2026 (16) ━━━━━━━━━━━━━━━━━━━━━━━━━━━━━━━━━━━━━━━━━━━━━━━━━━━━━━━┓
┃ │ Finished book 01                                                           ┃
┃ │ 20 Sep 2026 · Sample Author · ★ 4.0                                        ┃
┃   Finished book 02                                                           ┃
┃   19 Sep 2026 · Sample Author · ★ 4.0                                        ┃
┃   Finished book 03                                                           ┃
┃   18 Sep 2026 · Sample Author · ★ 4.0                                        ┃
┃   Finished book 04                                                           ┃
┃   17 Sep 2026 · Sample Author · ★ 4.0                                        ┃
┃   Finished book 05                                                           ┃
┃   16 Sep 2026 · Sample Author · ★ 4.0                                        ┃
┃   Finished book 06                                                           ┃
┃   15 Sep 2026 · Sample Author · ★ 4.0                                        ┃
┃   Finished book 07                                                           ┃
┃   14 Sep 2026 · Sample Author · ★ 4.0                                        ┃
┃   Finished book 08                                                           ┃
┃   13 Sep 2026 · Sample Author · ★ 4.0                                        ┃
┃   Finished book 09                                                           ┃
┃   12 Sep 2026 · Sample Author · ★ 4.0                                        ┃
┃   Finished book 10                                                           ┃
┃   11 Sep 2026 · Sample Author · ★ 4.0                                  1/16  ┃
┗━━━━━━━━━━━━━━━━━━━━━━━━━━━━━━━━━━━━━━━━━━━━━━━━━━━━━━━━━━━━━━━━━━━━━━━━━━━━━━┛
 ? help · T choose theme · j/k navigate · ↵ detail · n private note …           