[38;5;252;48;5;236m [1;38;5;223;48;5;236moku[0m  [1;38;5;179;48;5;236m▸1 Reading[0m[38;5;243;48;5;236m 3[0m  [38;5;245;48;5;236m 2 Oku[0m[38;5;243;48;5;236m 3[0m  [38;5;245;48;5;236m 3 Search[0m  [38;5;245;48;5;236m 4 Stats[0m  [38;5;245;48;5;236m 5 Timer[0m[48;5;236m                                             [0m[1;38;5;179;48;5;236m[0m[48;5;236m  [0m[38;5;243;48;5;236msynced 2m ago[0m[0m[48;5;236m [0m
[38;5;179m┏[0m[38;5;179m━[0m [1;38;5;179mReading (3)[0m [38;5;179m━━━━━━━━━━━━━━━━━━━━━━━━━━━━━━━━[0m[38;5;179m┓[0m[38;5;238m╭[0m[38;5;238m─[0m [1;38;5;245mThe Communist Manifesto[0m [38;5;238m────────────────────────────────────────────[0m[38;5;238m╮[0m
[38;5;179m┃[0m [38;5;179m│[0m [1;38;5;179mThe Communist Manifesto[0m                    [38;5;179m┃[0m[38;5;238m│[0m [38;5;243mKarl Marx, Friedrich Engels[0m                                          [38;5;238m│[0m
[38;5;179m┃[0m [38;5;179m│[0m [38;5;245mKarl Marx, Friedrich Engels · 70/305 ██░░…[0m [38;5;179m┃[0m[38;5;238m│[0m [38;5;252mCurrently Reading · started 12 Aug 2026[0m                              [38;5;238m│[0m
[38;5;179m┃[0m   [38;5;252mMoney[0m                                      [38;5;179m┃[0m[38;5;238m│[0m                                                                      [38;5;238m│[0m
[38;5;179m┃[0m   [38;5;245mDavid McWilliams · 360/416 ████████░░ 86%[0m  [38;5;179m┃[0m[38;5;238m│[0m [38;5;107m███████████[0m[38;5;238m░░░░░░░░░░░░░░░░░░░░░░░░░░░░░░░░░░░░░[0m[38;5;243m  p.70 / 305 · 22%[0m   [38;5;238m│[0m
[38;5;179m┃[0m   [38;5;252mSoftware Architecture: The Hard Parts[0m      [38;5;179m┃[0m[38;5;238m│[0m [38;5;243m3 pages/day · ~3 months left (≈ 25 Nov)[0m                              [38;5;238m│[0m
[38;5;179m┃[0m   [38;5;245mNeal Ford, Mark Richards, Pramod Sadalage…[0m [38;5;179m┃[0m[38;5;238m│[0m                                                                      [38;5;238m│[0m
[38;5;179m┃[0m                                              [38;5;179m┃[0m[38;5;238m│[0m [1;38;5;243mYour rating  [0m[38;5;252m★★★★☆ 4.0[0m            [1;38;5;243mCommunity    [0m[38;5;252m★ 3.60 (382)[0m          [38;5;238m│[0m
[38;5;179m┃[0m                                              [38;5;179m┃[0m[38;5;238m│[0m [1;38;5;243mSeries       [0m[38;5;252m—[0m                    [1;38;5;243mReleased     [0m[38;5;252m1848[0m                  [38;5;238m│[0m
[38;5;179m┃[0m                                              [38;5;179m┃[0m[38;5;238m│[0m [1;38;5;243mGenres       [0m[38;5;252mPolitics · Philosophy · Classics · Nonfiction[0m           [38;5;238m│[0m
[38;5;179m┃[0m                                              [38;5;179m┃[0m[38;5;238m│[0m                                                                      [38;5;238m│[0m
[38;5;179m┃[0m                                              [38;5;179m┃[0m[38;5;238m│[0m [1;38;5;243mSessions (this book)[0m                                                 [38;5;238m│[0m
[38;5;179m┃[0m                                              [38;5;179m┃[0m[38;5;238m│[0m [38;5;252m  Today  20:12   48m 0s[0m                                              [38;5;238m│[0m
[38;5;179m┃[0m                                              [38;5;179m┃[0m[38;5;238m│[0m [38;5;252m  Yest.  19:12   36m 0s[0m                                              [38;5;238m│[0m
[38;5;179m┃[0m                                              [38;5;179m┃[0m[38;5;238m│[0m [38;5;252m  3 Sep  21:12   1h 2m[0m                                               [38;5;238m│[0m
[38;5;179m┃[0m                                              [38;5;179m┃[0m[38;5;238m│[0m                                                                      [38;5;238m│[0m
[38;5;179m┃[0m                                              [38;5;179m┃[0m[38;5;238m│[0m [1;38;5;243mYour review[0m                                                          [38;5;238m│[0m
[38;5;179m┃[0m                                              [38;5;179m┃[0m[38;5;238m│[0m [38;5;252m  Shorter than I expected; the preface is the best part, and the    [0m [38;5;238m│[0m
[38;5;179m┃[0m                                              [38;5;179m┃[0m[38;5;238m│[0m [38;5;252m  footnotes are where the argument actually lives. Worth the evening[0m [38;5;238m│[0m
[38;5;179m┃[0m                                              [38;5;179m┃[0m[38;5;238m│[0m [38;5;252m  it takes.                                                         [0m [38;5;238m│[0m
[38;5;179m┃[0m                                              [38;5;179m┃[0m[38;5;238m│[0m                                                                      [38;5;238m│[0m
[38;5;179m┃[0m                                              [38;5;179m┃[0m[38;5;238m│[0m                                                                      [38;5;238m│[0m
[38;5;179m┃[0m                                              [38;5;179m┃[0m[38;5;238m│[0m                                                                      [38;5;238m│[0m
[38;5;179m┃[0m                                              [38;5;179m┃[0m[38;5;238m│[0m                                                                      [38;5;238m│[0m
[38;5;179m┃[0m                                              [38;5;179m┃[0m[38;5;238m│[0m                                                                      [38;5;238m│[0m
[38;5;179m┃[0m                                              [38;5;179m┃[0m[38;5;238m│[0m                                                                      [38;5;238m│[0m
[38;5;179m┃[0m                                              [38;5;179m┃[0m[38;5;238m│[0m                                                                      [38;5;238m│[0m
[38;5;179m┃[0m                                              [38;5;179m┃[0m[38;5;238m│[0m                                                                      [38;5;238m│[0m
[38;5;179m┃[0m                                              [38;5;179m┃[0m[38;5;238m│[0m                                                                      [38;5;238m│[0m
[38;5;179m┃[0m                                              [38;5;179m┃[0m[38;5;238m│[0m                                                                      [38;5;238m│[0m
[38;5;179m┃[0m                                              [38;5;179m┃[0m[38;5;238m│[0m                                                                      [38;5;238m│[0m
[38;5;179m┃[0m                                              [38;5;179m┃[0m[38;5;238m│[0m                                                                      [38;5;238m│[0m
[38;5;179m┃[0m                                              [38;5;179m┃[0m[38;5;238m│[0m                                                                      [38;5;238m│[0m
[38;5;179m┃[0m                                              [38;5;179m┃[0m[38;5;238m│[0m                                                                      [38;5;238m│[0m
[38;5;179m┃[0m                                              [38;5;179m┃[0m[38;5;238m│[0m                                                                      [38;5;238m│[0m
[38;5;179m┃[0m                                              [38;5;179m┃[0m[38;5;238m│[0m                                                                      [38;5;238m│[0m
[38;5;179m┃[0m                                              [38;5;179m┃[0m[38;5;238m│[0m                                                                      [38;5;238m│[0m
[38;5;179m┗[0m[38;5;179m━━━━━━━━━━━━━━━━━━━━━━━━━━━━━━━━━━━━━━━━━━━━━━[0m[38;5;179m┛[0m[38;5;238m╰[0m[38;5;238m──────────────────────────────────────────────────────────────────────[0m[38;5;238m╯[0m
 [1;38;5;179m?[0m [38;5;245mhelp[0m[38;5;243m · [0m[1;38;5;179mj/k[0m [38;5;245mnavigate[0m[38;5;243m · [0m[1;38;5;179m↵[0m [38;5;245mdetail[0m[38;5;243m · [0m[1;38;5;179mg/w/f/d/x[0m [38;5;245mstatus[0m[38;5;243m · [0m[1;38;5;179m+/-[0m [38;5;245mpage[0m[38;5;243m · [0m[1;38;5;179mu[0m [38;5;245mupdate[0m[38;5;243m · [0m[1;38;5;179mt[0m [38;5;245mstart timer[0m[38;5;243m · [0m[1;38;5;179m/[0m [38;5;245msearch[0m[38;5;243m · [0m[1;38;5;179mv[0m [38;5;245mrate[0m [38;5;243m…[0m        