[38;5;236;48;5;254m [1;38;5;235;48;5;254moku[0m  [1;38;5;130;48;5;254m▸1 Reading[0m[38;5;245;48;5;254m 3[0m  [38;5;242;48;5;254m 2 Oku[0m[38;5;245;48;5;254m 3[0m  [38;5;242;48;5;254m 3 Search[0m  [38;5;242;48;5;254m 4 Stats[0m  [38;5;242;48;5;254m 5 Timer[0m[48;5;254m                                             [0m[1;38;5;130;48;5;254m[0m[48;5;254m  [0m[38;5;245;48;5;254msynced 2m ago[0m[0m[48;5;254m [0m
[38;5;130m┏[0m[38;5;130m━[0m [1;38;5;130mReading (3)[0m [38;5;130m━━━━━━━━━━━━━━━━━━━━━━━━━━━━━━━━[0m[38;5;130m┓[0m[38;5;250m╭[0m[38;5;250m─[0m [1;38;5;242mThe Communist Manifesto[0m [38;5;250m────────────────────────────────────────────[0m[38;5;250m╮[0m
[38;5;130m┃[0m [38;5;130m│[0m [1;38;5;130mThe Communist Manifesto[0m                    [38;5;130m┃[0m[38;5;250m│[0m [38;5;245mKarl Marx, Friedrich Engels[0m                                          [38;5;250m│[0m
[38;5;130m┃[0m [38;5;130m│[0m [38;5;242mKarl Marx, Friedrich Engels · 70/305 ██░░…[0m [38;5;130m┃[0m[38;5;250m│[0m [38;5;236mCurrently Reading · started 12 Aug 2026[0m                              [38;5;250m│[0m
[38;5;130m┃[0m   [38;5;236mMoney[0m                                      [38;5;130m┃[0m[38;5;250m│[0m                                                                      [38;5;250m│[0m
[38;5;130m┃[0m   [38;5;242mDavid McWilliams · 360/416 ████████░░ 86%[0m  [38;5;130m┃[0m[38;5;250m│[0m [38;5;64m███████████[0m[38;5;250m░░░░░░░░░░░░░░░░░░░░░░░░░░░░░░░░░░░░░[0m[38;5;245m  p.70 / 305 · 22%[0m   [38;5;250m│[0m
[38;5;130m┃[0m   [38;5;236mSoftware Architecture: The Hard Parts[0m      [38;5;130m┃[0m[38;5;250m│[0m [38;5;245m3 pages/day · ~3 months left (≈ 25 Nov)[0m                              [38;5;250m│[0m
[38;5;130m┃[0m   [38;5;242mNeal Ford, Mark Richards, Pramod Sadalage…[0m [38;5;130m┃[0m[38;5;250m│[0m                                                                      [38;5;250m│[0m
[38;5;130m┃[0m                                              [38;5;130m┃[0m[38;5;250m│[0m [1;38;5;245mYour rating  [0m[38;5;236m★★★★☆ 4.0[0m            [1;38;5;245mCommunity    [0m[38;5;236m★ 3.60 (382)[0m          [38;5;250m│[0m
[38;5;130m┃[0m                                              [38;5;130m┃[0m[38;5;250m│[0m [1;38;5;245mSeries       [0m[38;5;236m—[0m                    [1;38;5;245mReleased     [0m[38;5;236m1848[0m                  [38;5;250m│[0m
[38;5;130m┃[0m                                              [38;5;130m┃[0m[38;5;250m│[0m [1;38;5;245mGenres       [0m[38;5;236mPolitics · Philosophy · Classics · Nonfiction[0m           [38;5;250m│[0m
[38;5;130m┃[0m                                              [38;5;130m┃[0m[38;5;250m│[0m                                                                      [38;5;250m│[0m
[38;5;130m┃[0m                                              [38;5;130m┃[0m[38;5;250m│[0m [1;38;5;245mSessions (this book)[0m                                                 [38;5;250m│[0m
[38;5;130m┃[0m                                              [38;5;130m┃[0m[38;5;250m│[0m [38;5;236m  Today  20:12   48m 0s[0m                                              [38;5;250m│[0m
[38;5;130m┃[0m                                              [38;5;130m┃[0m[38;5;250m│[0m [38;5;236m  Yest.  19:12   36m 0s[0m                                              [38;5;250m│[0m
[38;5;130m┃[0m                                              [38;5;130m┃[0m[38;5;250m│[0m [38;5;236m  3 Sep  21:12   1h 2m[0m                                               [38;5;250m│[0m
[38;5;130m┃[0m                                              [38;5;130m┃[0m[38;5;250m│[0m                                                                      [38;5;250m│[0m
[38;5;130m┃[0m                                              [38;5;130m┃[0m[38;5;250m│[0m [1;38;5;245mYour review[0m                                                          [38;5;250m│[0m
[38;5;130m┃[0m                                              [38;5;130m┃[0m[38;5;250m│[0m [38;5;236m  Shorter than I expected; the preface is the best part, and the    [0m [38;5;250m│[0m
[38;5;130m┃[0m                                              [38;5;130m┃[0m[38;5;250m│[0m [38;5;236m  footnotes are where the argument actually lives. Worth the evening[0m [38;5;250m│[0m
[38;5;130m┃[0m                                              [38;5;130m┃[0m[38;5;250m│[0m [38;5;236m  it takes.                                                         [0m [38;5;250m│[0m
[38;5;130m┃[0m                                              [38;5;130m┃[0m[38;5;250m│[0m                                                                      [38;5;250m│[0m
[38;5;130m┃[0m                                              [38;5;130m┃[0m[38;5;250m│[0m                                                                      [38;5;250m│[0m
[38;5;130m┃[0m                                              [38;5;130m┃[0m[38;5;250m│[0m                                                                      [38;5;250m│[0m
[38;5;130m┃[0m                                              [38;5;130m┃[0m[38;5;250m│[0m                                                                      [38;5;250m│[0m
[38;5;130m┃[0m                                              [38;5;130m┃[0m[38;5;250m│[0m                                                                      [38;5;250m│[0m
[38;5;130m┃[0m                                              [38;5;130m┃[0m[38;5;250m│[0m                                                                      [38;5;250m│[0m
[38;5;130m┃[0m                                              [38;5;130m┃[0m[38;5;250m│[0m                                                                      [38;5;250m│[0m
[38;5;130m┃[0m                                              [38;5;130m┃[0m[38;5;250m│[0m                                                                      [38;5;250m│[0m
[38;5;130m┃[0m                                              [38;5;130m┃[0m[38;5;250m│[0m                                                                      [38;5;250m│[0m
[38;5;130m┃[0m                                              [38;5;130m┃[0m[38;5;250m│[0m                                                                      [38;5;250m│[0m
[38;5;130m┃[0m                                              [38;5;130m┃[0m[38;5;250m│[0m                                                                      [38;5;250m│[0m
[38;5;130m┃[0m                                              [38;5;130m┃[0m[38;5;250m│[0m                                                                      [38;5;250m│[0m
[38;5;130m┃[0m                                              [38;5;130m┃[0m[38;5;250m│[0m                                                                      [38;5;250m│[0m
[38;5;130m┃[0m                                              [38;5;130m┃[0m[38;5;250m│[0m                                                                      [38;5;250m│[0m
[38;5;130m┃[0m                                              [38;5;130m┃[0m[38;5;250m│[0m                                                                      [38;5;250m│[0m
[38;5;130m┃[0m                                              [38;5;130m┃[0m[38;5;250m│[0m                                                                      [38;5;250m│[0m
[38;5;130m┃[0m                                              [38;5;130m┃[0m[38;5;250m│[0m                                                                      [38;5;250m│[0m
[38;5;130m┗[0m[38;5;130m━━━━━━━━━━━━━━━━━━━━━━━━━━━━━━━━━━━━━━━━━━━━━━[0m[38;5;130m┛[0m[38;5;250m╰[0m[38;5;250m──────────────────────────────────────────────────────────────────────[0m[38;5;250m╯[0m
 [1;38;5;130m?[0m [38;5;242mhelp[0m[38;5;245m · [0m[1;38;5;130mj/k[0m [38;5;242mnavigate[0m[38;5;245m · [0m[1;38;5;130m↵[0m [38;5;242mdetail[0m[38;5;245m · [0m[1;38;5;130mg/w/f/d/x[0m [38;5;242mstatus[0m[38;5;245m · [0m[1;38;5;130m+/-[0m [38;5;242mpage[0m[38;5;245m · [0m[1;38;5;130mu[0m [38;5;242mupdate[0m[38;5;245m · [0m[1;38;5;130mt[0m [38;5;242mstart timer[0m[38;5;245m · [0m[1;38;5;130m/[0m [38;5;242msearch[0m[38;5;245m · [0m[1;38;5;130mv[0m [38;5;242mrate[0m [38;5;245m…[0m        